/leonardo_work/uBS25_EcoGiu/pipeline_cv/yolobb/src/JNR/src/vmaev2_env/lib/python3.11/site-packages/torch/utils/data/dataloader.py:557: UserWarning: This DataLoader will create 4 worker processes in total. Our suggested max number of worker in current system is 1, which is smaller than what this DataLoader is going to create. Please be aware that excessive worker creation might get DataLoader running slow or even freeze, lower the worker number to avoid potential slowness/freeze if necessary.
  warnings.warn(_create_warning_msg(
Using device: cuda

Building label map...
Loaded 102 unique labels.

Initializing model and image processor...
Loading trained weights from 'best_model.pth'...
Model loaded successfully.

Loading validation data from '../data/val.txt'...
Validation dataset loaded with 363 samples.

Starting inference on the validation set...
/leonardo_work/uBS25_EcoGiu/pipeline_cv/yolobb/src/JNR/src/vmaev2_env/lib/python3.11/site-packages/transformers/feature_extraction_utils.py:141: UserWarning: Creating a tensor from a list of numpy.ndarrays is extremely slow. Please consider converting the list to a single numpy.ndarray with numpy.array() before converting to a tensor. (Triggered internally at ../torch/csrc/utils/tensor_new.cpp:261.)
  return torch.tensor(value)
/leonardo_work/uBS25_EcoGiu/pipeline_cv/yolobb/src/JNR/src/vmaev2_env/lib/python3.11/site-packages/transformers/feature_extraction_utils.py:141: UserWarning: Creating a tensor from a list of numpy.ndarrays is extremely slow. Please consider converting the list to a single numpy.ndarray with numpy.array() before converting to a tensor. (Triggered internally at ../torch/csrc/utils/tensor_new.cpp:261.)
  return torch.tensor(value)
/leonardo_work/uBS25_EcoGiu/pipeline_cv/yolobb/src/JNR/src/vmaev2_env/lib/python3.11/site-packages/transformers/feature_extraction_utils.py:141: UserWarning: Creating a tensor from a list of numpy.ndarrays is extremely slow. Please consider converting the list to a single numpy.ndarray with numpy.array() before converting to a tensor. (Triggered internally at ../torch/csrc/utils/tensor_new.cpp:261.)
  return torch.tensor(value)
/leonardo_work/uBS25_EcoGiu/pipeline_cv/yolobb/src/JNR/src/vmaev2_env/lib/python3.11/site-packages/torch/nn/modules/conv.py:605: UserWarning: Applied workaround for CuDNN issue, install nvrtc.so (Triggered internally at ../aten/src/ATen/native/cudnn/Conv_v8.cpp:80.)
  return F.conv3d(
tensor([ 79,  79,  13, 101,  13,  70,  79,  14,  90,  13,   4,  68, 101,  90,
         79,  41,  79,  90,   2,   0,  35,  46,  90, 101,  79,  24,  46,  46,
        101,  14,  46,  14,  16, 101,  90,  13,  46,  13,   1, 101, 101,  90,
         46,  25,  90,  24,  13,   4,   1,  29,  46,  90,  14,   2,  14,  46,
         19, 101,  46,  46,   4,  40, 101, 101,  90,  46,  28, 101, 101,  13,
        101,  19,   0,  79,  90,  22,  46,  79,  13, 101,  46,   8,  46, 101,
          3,   2,  46,  46,  14,  46,  79,  46,   2,  79,  46,  13,  46,  46,
         46,  13,  90,  13,   4,   3,  46,  46,  46, 101,  46,  13,  46,  46,
         46,  46,  46,  14,   4,  79,  46,  79,  46, 101,  13,  27,   0,   4,
          0,   0])
tensor([  2,  24,  25,  27,   2,  24,  79,  24,   6,  16,  17,  46,   3,   2,
         22,   8,   3,  90,   4,  41,   4,  14,   6,  21,   4,   5,  19,  19,
         40,  13,   1,  14,  15,  79,  90,  90,  13,  68,  24,  24,  22,  26,
          0,  46,  90,  21,  18,  18,  68,   3,   3,  46,   6,   0,  68,  46,
         46,   2,   5,  90,  79,  46, 101, 101,  90,  41,  46,  24, 101,  24,
          2,  28,  68,   0,  13,   4,   2,   3,  13,   0,   2,   7,   4,  24,
         68,   2,   4,  30,  13,  40,  19, 101,  29, 101, 101,   7,  46,  10,
          1,   3,   3,   4,  47,   8,  17,  29,  15,  16,  10,  13,   8,  79,
          9,   6,  25,  68,  12,   4,  90,  79,  27,  30, 101,  46,   0,  17,
         14,  16])
Processed batch 1/3tensor([ 28,  79, 101,   7, 101,  68,  46,   2,  11,  13,   0,  46, 101,  79,
         14,  36,  90,  46,  52,   0,  13,  46,   4,  14,  13,  46,  14,  68,
          0,  79, 101,  46, 101,  46,   4,  46,   2, 101,  35,   4,  46,  38,
         46,   4,  25,  46,  14, 101,  25, 101,  13,  10,  46,  14,  79,  46,
         46,   1,   0,  46,   7,   4,  46, 101,  14,  46,  68,  46,  79, 101,
         14,  16,  15,  46,  46,  40,  46,  13, 101, 101,  46,  14,   4,   2,
         79,  28,   4,  46,  40, 101,  46,  79,  25,  46,  13,  19,  13,  46,
         46,  46,  14,  46,  46,  68,  90,  14, 101,  46,   2,  46,  13,  46,
         27, 101,  41,   2,  46,  79, 101,  79,   2,  46, 101,  13, 101,   0,
         46,  14])
tensor([ 12,   2,  27,  46,   4,   7,  13,   6,  39,  90,  46,   4,  35,  68,
         15,   4,  13,  24,  25,   5,   6,   3,   0,  46,  36,  24,   2,  24,
         35,   0,  13, 101,  15,   0,  68,   0, 101,  10,  35,  21,  15,  20,
          3, 101,   8,   0,   5,  28,  28,  11,   4,  10,  15,   2,  79,  14,
          1,   1,  36,   6,   2, 101,  25, 101,  14,  28,  29,  24,   2, 101,
         46,  68,  18,  16,   8,  13,   3,  11,   2,  15,  24,  36,   0,  79,
         15,   0,  14,  19,   4,  28,  24,  79,  13,   5,  41,  22,  79,   3,
          9,  24,  16,  22,  46, 101,   0,  52,  13,   3,   6,  14,  16, 101,
         25,   9,  90,  17,  41,  79,  68,  68,   4,  39,  79,  17, 101,   8,
         70,  22])
Processed batch 2/3tensor([ 14,  46, 101,  14,  28,  46,  13,  27, 101,  46, 101,  90,  13,   7,
         30,  90,  46, 101,  79,  79,  13,  79, 101,  46,  46,  79,  46, 101,
          5,  40,  46,  90,  14,  20,  79,  13, 101,  14,   2,   0,  25,  46,
         68,  14,  79,  13,  46,  90,  90,   2,   2, 101,  79,  46, 101,  79,
        101,  46,  28,   0,   7,  13,  46,   3, 101, 101,   0,  14,  14,  14,
        101,  46,  79,  46,  13,  28,   0,  46,   2,   0,   0,   4,  90,  52,
         13,  13, 101,  25,  29,  46,  14,  35,  46,  46,  68,  35,  79,  46,
         14,  46,  46,  90,  16, 101,  28,  90,  46])
tensor([  7,  17,  22,   0,  17,  52,  18,   2, 101, 101,   0,  14,  24, 101,
         30,  28,   1,  68,  18,  29,  90,   3,  17,  46,  46,   0,   1, 101,
         30,  18,  17,  16,  68,   6,  30,  24,   0,  15,  46,   0,  25,  24,
         18,  79,  79,  79,  79,  35,  40,  46,  35, 101,  26,  16,  16,  25,
         35,   3,   0,  17,  18,   4,  18,  41, 101,  28,   6,   0,  18,   0,
         35,  19,  79,   3,  24,   2,  10,   3,  90,  79,   0,   1,   0,   8,
         90,  30,   5,  25,  29,  24,  79,  90,  19,  76,  35,   4,   4,  79,
         79,  25,   3,  21,  26,  11,  14,  46,   8])
Processed batch 3/3

Inference complete.

--- Validation Results ---
Total Samples Evaluated: 363
Correct Predictions:     41
Accuracy:                11.29%
--------------------------
